results[0] = { Date: 2020-01-01T00:00:00, LibYear: { _packagesValues: [ { Name: "drupal/composer_autoloader", Version: "1.3.0", PublishedAt: 2018-03-11T00:00:00, Value: 3.213698630136986 }, { Name: "drupal/drupal", Version: "8.8.1", PublishedAt: 2019-12-18T00:00:00, Value: -0.42191780821917807 },  ], Total: 2.791780821917808 } }
