2017/01/01: 0.000
2017/02/01: 0.022
2017/03/01: 0.022
2017/04/01: 0.227
2017/05/01: 0.227
2017/06/01: 0.364
2017/07/01: 1.852
2017/08/01: 1.852
2017/09/01: 1.852
2017/10/01: 2.416
2017/11/01: 2.416
2017/12/01: 2.416
2018/01/01: 0.000
2018/02/01: 0.362
2018/03/01: 0.362
2018/04/01: 0.362
2018/05/01: 0.362
2018/06/01: 0.362
2018/07/01: 0.740
2018/08/01: 0.789
2018/09/01: 0.789
2018/10/01: 0.789
2018/11/01: 1.044
2018/12/01: 1.044
2019/01/01: 0.000
2019/02/01: 0.071
2019/03/01: 0.071
2019/04/01: 0.266
2019/05/01: 0.342
2019/06/01: 0.342
2019/07/01: 0.342
2019/08/01: 0.342
2019/09/01: 0.647
2019/10/01: 0.647
2019/11/01: 0.868
2019/12/01: 0.868
2020/01/01: 0.962
