results[0] = { Date: 1/1/2020 12:00:00 AM, LibYear: { _packagesValues: [ { Name: "drupal/composer_autoloader", Version: "1.2.0", PublishedAt: 3/11/2018 12:00:00 AM, Value: 3.213698630136986 }, { Name: "drupal/drupal", Version: "8.7.11", PublishedAt: 12/18/2019 12:00:00 AM, Value: -0.42191780821917807 },  ], Total: 2.791780821917808 } }
